{
  "content": "",
  "tts": false,
  "embeds": [
    {
      "id": 786967341,
      "description": "**Log**",
      "color": 13047318,
      "image": {
        "url": "https://message.style/cdn/images/ea75ce6f1ccf8a29c0d92c39a5daf807711b498b1df7ae0cf143f660d75ca454.png"
      },
      "fields": [
        {
          "id": 218727277,
          "name": "Username",
          "value": "<@767865431712333874>"
        },
        {
          "id": 175659844,
          "name": "Action Performed",
          "value": "```/generate-details command invoked```"
        }
      ]
    }
  ]
}
{
  "content": "",
  "tts": false,
  "embeds": [
    {
      "id": 786967341,
      "description": "**Log**",
      "color": 13047318,
      "image": {
        "url": "https://message.style/cdn/images/ea75ce6f1ccf8a29c0d92c39a5daf807711b498b1df7ae0cf143f660d75ca454.png"
      },
      "fields": [
        {
          "id": 218727277,
          "name": "Username",
          "value": "<@767865431712333874>"
        },
        {
          "id": 175659844,
          "name": "Action Performed",
          "value": "```Submitted FlightDetailsModal1```"
        }
      ]
    }
  ]
}
{
  "content": "",
  "tts": false,
  "embeds": [
    {
      "id": 786967341,
      "description": "**Log**",
      "color": 13047318,
      "image": {
        "url": "https://message.style/cdn/images/ea75ce6f1ccf8a29c0d92c39a5daf807711b498b1df7ae0cf143f660d75ca454.png"
      },
      "fields": [
        {
          "id": 218727277,
          "name": "Username",
          "value": "<@767865431712333874>"
        },
        {
          "id": 175659844,
          "name": "Action Performed",
          "value": "```Saved user_data.json: Step 1 modal submitted```"
        }
      ]
    }
  ]
}
{
  "content": "",
  "tts": false,
  "embeds": [
    {
      "id": 786967341,
      "description": "**Log**",
      "color": 13047318,
      "image": {
        "url": "https://message.style/cdn/images/ea75ce6f1ccf8a29c0d92c39a5daf807711b498b1df7ae0cf143f660d75ca454.png"
      },
      "fields": [
        {
          "id": 218727277,
          "name": "Username",
          "value": "<@767865431712333874>"
        },
        {
          "id": 175659844,
          "name": "Action Performed",
          "value": "```Pressed ConfirmView Yes button```"
        }
      ]
    }
  ]
}
{
  "content": "",
  "tts": false,
  "embeds": [
    {
      "id": 786967341,
      "description": "**Log**",
      "color": 13047318,
      "image": {
        "url": "https://message.style/cdn/images/ea75ce6f1ccf8a29c0d92c39a5daf807711b498b1df7ae0cf143f660d75ca454.png"
      },
      "fields": [
        {
          "id": 218727277,
          "name": "Username",
          "value": "<@767865431712333874>"
        },
        {
          "id": 175659844,
          "name": "Action Performed",
          "value": "```Submitted FlightDetailsModal2```"
        }
      ]
    }
  ]
}
{
  "content": "",
  "tts": false,
  "embeds": [
    {
      "id": 786967341,
      "description": "**Log**",
      "color": 13047318,
      "image": {
        "url": "https://message.style/cdn/images/ea75ce6f1ccf8a29c0d92c39a5daf807711b498b1df7ae0cf143f660d75ca454.png"
      },
      "fields": [
        {
          "id": 218727277,
          "name": "Username",
          "value": "<@767865431712333874>"
        },
        {
          "id": 175659844,
          "name": "Action Performed",
          "value": "```Saved user_data.json: Step 2 modal submitted```"
        }
      ]
    }
  ]
}
{
  "content": "",
  "tts": false,
  "embeds": [
    {
      "id": 786967341,
      "description": "**Log**",
      "color": 13047318,
      "image": {
        "url": "https://message.style/cdn/images/ea75ce6f1ccf8a29c0d92c39a5daf807711b498b1df7ae0cf143f660d75ca454.png"
      },
      "fields": [
        {
          "id": 218727277,
          "name": "Username",
          "value": "<@767865431712333874>"
        },
        {
          "id": 175659844,
          "name": "Action Performed",
          "value": "```Pressed ConfirmView Yes button```"
        }
      ]
    }
  ]
}
{
  "content": "",
  "tts": false,
  "embeds": [
    {
      "id": 786967341,
      "description": "**Log**",
      "color": 13047318,
      "image": {
        "url": "https://message.style/cdn/images/ea75ce6f1ccf8a29c0d92c39a5daf807711b498b1df7ae0cf143f660d75ca454.png"
      },
      "fields": [
        {
          "id": 218727277,
          "name": "Username",
          "value": "<@767865431712333874>"
        },
        {
          "id": 175659844,
          "name": "Action Performed",
          "value": "```Submitted FlightDetailsModal3```"
        }
      ]
    }
  ]
}
{
  "content": "",
  "tts": false,
  "embeds": [
    {
      "id": 786967341,
      "description": "**Log**",
      "color": 13047318,
      "image": {
        "url": "https://message.style/cdn/images/ea75ce6f1ccf8a29c0d92c39a5daf807711b498b1df7ae0cf143f660d75ca454.png"
      },
      "fields": [
        {
          "id": 218727277,
          "name": "Username",
          "value": "<@767865431712333874>"
        },
        {
          "id": 175659844,
          "name": "Action Performed",
          "value": "```Saved user_data.json: Step 3 modal submitted```"
        }
      ]
    }
  ]
}
{
  "content": "",
  "tts": false,
  "embeds": [
    {
      "id": 786967341,
      "description": "**Log**",
      "color": 13047318,
      "image": {
        "url": "https://message.style/cdn/images/ea75ce6f1ccf8a29c0d92c39a5daf807711b498b1df7ae0cf143f660d75ca454.png"
      },
      "fields": [
        {
          "id": 218727277,
          "name": "Username",
          "value": "<@767865431712333874>"
        },
        {
          "id": 175659844,
          "name": "Action Performed",
          "value": "```Pressed ConfirmView Yes button```"
        }
      ]
    }
  ]
}
{
  "content": "",
  "tts": false,
  "embeds": [
    {
      "id": 786967341,
      "description": "**Log**",
      "color": 13047318,
      "image": {
        "url": "https://message.style/cdn/images/ea75ce6f1ccf8a29c0d92c39a5daf807711b498b1df7ae0cf143f660d75ca454.png"
      },
      "fields": [
        {
          "id": 218727277,
          "name": "Username",
          "value": "<@767865431712333874>"
        },
        {
          "id": 175659844,
          "name": "Action Performed",
          "value": "```Saved user_data.json: Finalize flight T0VBM0```"
        }
      ]
    }
  ]
}
{
  "content": "",
  "tts": false,
  "embeds": [
    {
      "id": 786967341,
      "description": "**Log**",
      "color": 13047318,
      "image": {
        "url": "https://message.style/cdn/images/ea75ce6f1ccf8a29c0d92c39a5daf807711b498b1df7ae0cf143f660d75ca454.png"
      },
      "fields": [
        {
          "id": 218727277,
          "name": "Username",
          "value": "<@767865431712333874>"
        },
        {
          "id": 175659844,
          "name": "Action Performed",
          "value": "```generate_ticket (FAILED)```"
        },
        {
          "id": 30218311,
          "name": "Error Code",
          "value": "`RHG78VK`"
        }
      ]
    }
  ]
}
Traceback:
Traceback (most recent call last):
  File "c:\Users\david\Air Canada Flight Assistant v2\utilities.py", line 827, in generate_ticket
    base = Image.open("image.png").convert("RGBA")
           ^^^^^^^^^^^^^^^^^^^^^^^
  File "C:\Users\david\AppData\Local\Programs\Python\Python312\Lib\site-packages\PIL\Image.py", line 3465, in open
    fp = builtins.open(filename, "rb")
         ^^^^^^^^^^^^^^^^^^^^^^^^^^^^^
FileNotFoundError: [Errno 2] No such file or directory: 'image.png'

During handling of the above exception, another exception occurred:

Traceback (most recent call last):
  File "c:\Users\david\Air Canada Flight Assistant v2\utilities.py", line 644, in yes_button
    filepath = generate_ticket(entry)
               ^^^^^^^^^^^^^^^^^^^^^^
  File "c:\Users\david\Air Canada Flight Assistant v2\utilities.py", line 829, in generate_ticket
    raise FileNotFoundError("Base image `image.png` not found!")
FileNotFoundError: Base image `image.png` not found!

❌ [RHG78VK]
Traceback:
Traceback (most recent call last):
  File "c:\Users\david\Air Canada Flight Assistant v2\utilities.py", line 827, in generate_ticket
    base = Image.open("image.png").convert("RGBA")
           ^^^^^^^^^^^^^^^^^^^^^^^
  File "C:\Users\david\AppData\Local\Programs\Python\Python312\Lib\site-packages\PIL\Image.py", line 3465, in open
    fp = builtins.open(filename, "rb")
         ^^^^^^^^^^^^^^^^^^^^^^^^^^^^^
FileNotFoundError: [Errno 2] No such file or directory: 'image.png'

During handling of the above exception, another exception occurred:

Traceback (most recent call last):
  File "c:\Users\david\Air Canada Flight Assistant v2\utilities.py", line 644, in yes_button
    filepath = generate_ticket(entry)
               ^^^^^^^^^^^^^^^^^^^^^^
  File "c:\Users\david\Air Canada Flight Assistant v2\utilities.py", line 829, in generate_ticket
    raise FileNotFoundError("Base image `image.png` not found!")
FileNotFoundError: Base image `image.png` not found!

{
  "content": "",
  "tts": false,
  "embeds": [
    {
      "id": 786967341,
      "description": "**Log**",
      "color": 13047318,
      "image": {
        "url": "https://message.style/cdn/images/ea75ce6f1ccf8a29c0d92c39a5daf807711b498b1df7ae0cf143f660d75ca454.png"
      },
      "fields": [
        {
          "id": 218727277,
          "name": "Username",
          "value": "<@767865431712333874>"
        },
        {
          "id": 175659844,
          "name": "Action Performed",
          "value": "```sending ticket file (FAILED)```"
        },
        {
          "id": 30218311,
          "name": "Error Code",
          "value": "`V9PNY80`"
        }
      ]
    }
  ]
}
Traceback:
Traceback (most recent call last):
  File "c:\Users\david\Air Canada Flight Assistant v2\utilities.py", line 651, in yes_button
    await interaction.response.send_message(f"Saved! Your flight code is `{code}`. Here is your flight ticket:", ephemeral=True)
  File "C:\Users\david\AppData\Local\Programs\Python\Python312\Lib\site-packages\discord\interactions.py", line 1051, in send_message
    response = await adapter.create_interaction_response(
               ^^^^^^^^^^^^^^^^^^^^^^^^^^^^^^^^^^^^^^^^^^
  File "C:\Users\david\AppData\Local\Programs\Python\Python312\Lib\site-packages\discord\webhook\async_.py", line 224, in request
    raise NotFound(response, data)
discord.errors.NotFound: 404 Not Found (error code: 10062): Unknown interaction

❌ [V9PNY80]
Traceback:
Traceback (most recent call last):
  File "c:\Users\david\Air Canada Flight Assistant v2\utilities.py", line 651, in yes_button
    await interaction.response.send_message(f"Saved! Your flight code is `{code}`. Here is your flight ticket:", ephemeral=True)
  File "C:\Users\david\AppData\Local\Programs\Python\Python312\Lib\site-packages\discord\interactions.py", line 1051, in send_message
    response = await adapter.create_interaction_response(
               ^^^^^^^^^^^^^^^^^^^^^^^^^^^^^^^^^^^^^^^^^^
  File "C:\Users\david\AppData\Local\Programs\Python\Python312\Lib\site-packages\discord\webhook\async_.py", line 224, in request
    raise NotFound(response, data)
discord.errors.NotFound: 404 Not Found (error code: 10062): Unknown interaction

{
  "content": "",
  "tts": false,
  "embeds": [
    {
      "id": 786967341,
      "description": "**Log**",
      "color": 13047318,
      "image": {
        "url": "https://message.style/cdn/images/ea75ce6f1ccf8a29c0d92c39a5daf807711b498b1df7ae0cf143f660d75ca454.png"
      },
      "fields": [
        {
          "id": 218727277,
          "name": "Username",
          "value": "<@767865431712333874>"
        },
        {
          "id": 175659844,
          "name": "Action Performed",
          "value": "```Pressed component: detail for code T0VBM0```"
        }
      ]
    }
  ]
}
{
  "content": "",
  "tts": false,
  "embeds": [
    {
      "id": 786967341,
      "description": "**Log**",
      "color": 13047318,
      "image": {
        "url": "https://message.style/cdn/images/ea75ce6f1ccf8a29c0d92c39a5daf807711b498b1df7ae0cf143f660d75ca454.png"
      },
      "fields": [
        {
          "id": 218727277,
          "name": "Username",
          "value": "<@767865431712333874>"
        },
        {
          "id": 175659844,
          "name": "Action Performed",
          "value": "```Pressed component: detail for code GZHBE1```"
        }
      ]
    }
  ]
}
on_interaction error:
Traceback (most recent call last):
  File "c:\Users\david\Air Canada Flight Assistant v2\utilities.py", line 1529, in on_interaction
    await interaction.response.send_message(embed=embed, ephemeral=True)
  File "C:\Users\david\AppData\Local\Programs\Python\Python312\Lib\site-packages\discord\interactions.py", line 1051, in send_message
    response = await adapter.create_interaction_response(
               ^^^^^^^^^^^^^^^^^^^^^^^^^^^^^^^^^^^^^^^^^^
  File "C:\Users\david\AppData\Local\Programs\Python\Python312\Lib\site-packages\discord\webhook\async_.py", line 226, in request
    raise HTTPException(response, data)
discord.errors.HTTPException: 400 Bad Request (error code: 40060): Interaction has already been acknowledged.

{
  "content": "",
  "tts": false,
  "embeds": [
    {
      "id": 786967341,
      "description": "**Log**",
      "color": 13047318,
      "image": {
        "url": "https://message.style/cdn/images/ea75ce6f1ccf8a29c0d92c39a5daf807711b498b1df7ae0cf143f660d75ca454.png"
      },
      "fields": [
        {
          "id": 218727277,
          "name": "Username",
          "value": "<@767865431712333874>"
        },
        {
          "id": 175659844,
          "name": "Action Performed",
          "value": "```Pressed component: detail for code GZHBE1```"
        }
      ]
    }
  ]
}
on_interaction error:
Traceback (most recent call last):
  File "c:\Users\david\Air Canada Flight Assistant v2\utilities.py", line 1529, in on_interaction
    await interaction.response.send_message(embed=embed, ephemeral=True)
  File "C:\Users\david\AppData\Local\Programs\Python\Python312\Lib\site-packages\discord\interactions.py", line 1023, in send_message
    raise InteractionResponded(self._parent)
discord.errors.InteractionResponded: This interaction has already been responded to before

{
  "content": "",
  "tts": false,
  "embeds": [
    {
      "id": 786967341,
      "description": "**Log**",
      "color": 13047318,
      "image": {
        "url": "https://message.style/cdn/images/ea75ce6f1ccf8a29c0d92c39a5daf807711b498b1df7ae0cf143f660d75ca454.png"
      },
      "fields": [
        {
          "id": 218727277,
          "name": "Username",
          "value": "<@767865431712333874>"
        },
        {
          "id": 175659844,
          "name": "Action Performed",
          "value": "```/post-flight invoked with code GZHBE1 and link asdasd```"
        }
      ]
    }
  ]
}
{
  "content": "",
  "tts": false,
  "embeds": [
    {
      "id": 786967341,
      "description": "**Log**",
      "color": 13047318,
      "image": {
        "url": "https://message.style/cdn/images/ea75ce6f1ccf8a29c0d92c39a5daf807711b498b1df7ae0cf143f660d75ca454.png"
      },
      "fields": [
        {
          "id": 218727277,
          "name": "Username",
          "value": "<@767865431712333874>"
        },
        {
          "id": 175659844,
          "name": "Action Performed",
          "value": "```Saved user_data.json: Post flight GZHBE1```"
        }
      ]
    }
  ]
}
{
  "content": "",
  "tts": false,
  "embeds": [
    {
      "id": 786967341,
      "description": "**Log**",
      "color": 13047318,
      "image": {
        "url": "https://message.style/cdn/images/ea75ce6f1ccf8a29c0d92c39a5daf807711b498b1df7ae0cf143f660d75ca454.png"
      },
      "fields": [
        {
          "id": 218727277,
          "name": "Username",
          "value": "<@767865431712333874>"
        },
        {
          "id": 175659844,
          "name": "Action Performed",
          "value": "```Saved user_data.json: Posted admin panel for GZHBE1```"
        }
      ]
    }
  ]
}
{
  "content": "",
  "tts": false,
  "embeds": [
    {
      "id": 786967341,
      "description": "**Log**",
      "color": 13047318,
      "image": {
        "url": "https://message.style/cdn/images/ea75ce6f1ccf8a29c0d92c39a5daf807711b498b1df7ae0cf143f660d75ca454.png"
      },
      "fields": [
        {
          "id": 218727277,
          "name": "Username",
          "value": "<@767865431712333874>"
        },
        {
          "id": 175659844,
          "name": "Action Performed",
          "value": "```Posted admin panel for GZHBE1 in channel 1473780252378529957```"
        }
      ]
    }
  ]
}
Dashboard: sent reminder for GZHBE1 — now
{
  "content": "",
  "tts": false,
  "embeds": [
    {
      "id": 786967341,
      "description": "**Log**",
      "color": 13047318,
      "image": {
        "url": "https://message.style/cdn/images/ea75ce6f1ccf8a29c0d92c39a5daf807711b498b1df7ae0cf143f660d75ca454.png"
      },
      "fields": [
        {
          "id": 218727277,
          "name": "Username",
          "value": "<@767865431712333874>"
        },
        {
          "id": 175659844,
          "name": "Action Performed",
          "value": "```Pressed component: detail for code GZHBE1```"
        }
      ]
    }
  ]
}
{
  "content": "",
  "tts": false,
  "embeds": [
    {
      "id": 786967341,
      "description": "**Log**",
      "color": 13047318,
      "image": {
        "url": "https://message.style/cdn/images/ea75ce6f1ccf8a29c0d92c39a5daf807711b498b1df7ae0cf143f660d75ca454.png"
      },
      "fields": [
        {
          "id": 218727277,
          "name": "Username",
          "value": "<@767865431712333874>"
        },
        {
          "id": 175659844,
          "name": "Action Performed",
          "value": "```/refresh-embeds invoked for GZHBE1```"
        }
      ]
    }
  ]
}
{
  "content": "",
  "tts": false,
  "embeds": [
    {
      "id": 786967341,
      "description": "**Log**",
      "color": 13047318,
      "image": {
        "url": "https://message.style/cdn/images/ea75ce6f1ccf8a29c0d92c39a5daf807711b498b1df7ae0cf143f660d75ca454.png"
      },
      "fields": [
        {
          "id": 218727277,
          "name": "Username",
          "value": "<@767865431712333874>"
        },
        {
          "id": 175659844,
          "name": "Action Performed",
          "value": "```Refreshed embeds for GZHBE1```"
        }
      ]
    }
  ]
}
{
  "content": "",
  "tts": false,
  "embeds": [
    {
      "id": 786967341,
      "description": "**Log**",
      "color": 13047318,
      "image": {
        "url": "https://message.style/cdn/images/ea75ce6f1ccf8a29c0d92c39a5daf807711b498b1df7ae0cf143f660d75ca454.png"
      },
      "fields": [
        {
          "id": 218727277,
          "name": "Username",
          "value": "<@767865431712333874>"
        },
        {
          "id": 175659844,
          "name": "Action Performed",
          "value": "```updating embeds in refresh_embeds (FAILED)```"
        },
        {
          "id": 30218311,
          "name": "Error Code",
          "value": "`U47O6GA`"
        }
      ]
    }
  ]
}
Traceback:
Traceback (most recent call last):
  File "c:\Users\david\Air Canada Flight Assistant v2\utilities.py", line 1549, in refresh_embeds
    await interaction.followup.send(f"✅ Embeds for `{code}` refreshed.", ephemeral=True)
  File "C:\Users\david\AppData\Local\Programs\Python\Python312\Lib\site-packages\discord\webhook\async_.py", line 1900, in send
    data = await adapter.execute_webhook(
           ^^^^^^^^^^^^^^^^^^^^^^^^^^^^^^
  File "C:\Users\david\AppData\Local\Programs\Python\Python312\Lib\site-packages\discord\webhook\async_.py", line 224, in request
    raise NotFound(response, data)
discord.errors.NotFound: 404 Not Found (error code: 10015): Unknown Webhook

❌ [U47O6GA]
Traceback:
Traceback (most recent call last):
  File "c:\Users\david\Air Canada Flight Assistant v2\utilities.py", line 1549, in refresh_embeds
    await interaction.followup.send(f"✅ Embeds for `{code}` refreshed.", ephemeral=True)
  File "C:\Users\david\AppData\Local\Programs\Python\Python312\Lib\site-packages\discord\webhook\async_.py", line 1900, in send
    data = await adapter.execute_webhook(
           ^^^^^^^^^^^^^^^^^^^^^^^^^^^^^^
  File "C:\Users\david\AppData\Local\Programs\Python\Python312\Lib\site-packages\discord\webhook\async_.py", line 224, in request
    raise NotFound(response, data)
discord.errors.NotFound: 404 Not Found (error code: 10015): Unknown Webhook

{
  "content": "",
  "tts": false,
  "embeds": [
    {
      "id": 786967341,
      "description": "**Log**",
      "color": 13047318,
      "image": {
        "url": "https://message.style/cdn/images/ea75ce6f1ccf8a29c0d92c39a5daf807711b498b1df7ae0cf143f660d75ca454.png"
      },
      "fields": [
        {
          "id": 218727277,
          "name": "Username",
          "value": "<@767865431712333874>"
        },
        {
          "id": 175659844,
          "name": "Action Performed",
          "value": "```/refresh-embeds invoked for GZHBE1```"
        }
      ]
    }
  ]
}
{
  "content": "",
  "tts": false,
  "embeds": [
    {
      "id": 786967341,
      "description": "**Log**",
      "color": 13047318,
      "image": {
        "url": "https://message.style/cdn/images/ea75ce6f1ccf8a29c0d92c39a5daf807711b498b1df7ae0cf143f660d75ca454.png"
      },
      "fields": [
        {
          "id": 218727277,
          "name": "Username",
          "value": "<@767865431712333874>"
        },
        {
          "id": 175659844,
          "name": "Action Performed",
          "value": "```Refreshed embeds for GZHBE1```"
        }
      ]
    }
  ]
}
{
  "content": "",
  "tts": false,
  "embeds": [
    {
      "id": 786967341,
      "description": "**Log**",
      "color": 13047318,
      "image": {
        "url": "https://message.style/cdn/images/ea75ce6f1ccf8a29c0d92c39a5daf807711b498b1df7ae0cf143f660d75ca454.png"
      },
      "fields": [
        {
          "id": 218727277,
          "name": "Username",
          "value": "<@767865431712333874>"
        },
        {
          "id": 175659844,
          "name": "Action Performed",
          "value": "```updating embeds in refresh_embeds (FAILED)```"
        },
        {
          "id": 30218311,
          "name": "Error Code",
          "value": "`T0RJHVZ`"
        }
      ]
    }
  ]
}
Traceback:
Traceback (most recent call last):
  File "c:\Users\david\Air Canada Flight Assistant v2\utilities.py", line 1535, in refresh_embeds
    await interaction.followup.send(f"✅ Embeds for `{code}` refreshed.", ephemeral=True)
  File "C:\Users\david\AppData\Local\Programs\Python\Python312\Lib\site-packages\discord\webhook\async_.py", line 1900, in send
    data = await adapter.execute_webhook(
           ^^^^^^^^^^^^^^^^^^^^^^^^^^^^^^
  File "C:\Users\david\AppData\Local\Programs\Python\Python312\Lib\site-packages\discord\webhook\async_.py", line 224, in request
    raise NotFound(response, data)
discord.errors.NotFound: 404 Not Found (error code: 10015): Unknown Webhook

❌ [T0RJHVZ]
Traceback:
Traceback (most recent call last):
  File "c:\Users\david\Air Canada Flight Assistant v2\utilities.py", line 1535, in refresh_embeds
    await interaction.followup.send(f"✅ Embeds for `{code}` refreshed.", ephemeral=True)
  File "C:\Users\david\AppData\Local\Programs\Python\Python312\Lib\site-packages\discord\webhook\async_.py", line 1900, in send
    data = await adapter.execute_webhook(
           ^^^^^^^^^^^^^^^^^^^^^^^^^^^^^^
  File "C:\Users\david\AppData\Local\Programs\Python\Python312\Lib\site-packages\discord\webhook\async_.py", line 224, in request
    raise NotFound(response, data)
discord.errors.NotFound: 404 Not Found (error code: 10015): Unknown Webhook

{
  "content": "",
  "tts": false,
  "embeds": [
    {
      "id": 786967341,
      "description": "**Log**",
      "color": 13047318,
      "image": {
        "url": "https://message.style/cdn/images/ea75ce6f1ccf8a29c0d92c39a5daf807711b498b1df7ae0cf143f660d75ca454.png"
      },
      "fields": [
        {
          "id": 218727277,
          "name": "Username",
          "value": "<@767865431712333874>"
        },
        {
          "id": 175659844,
          "name": "Action Performed",
          "value": "```/refresh-embeds invoked for GZHBE1```"
        }
      ]
    }
  ]
}
{
  "content": "",
  "tts": false,
  "embeds": [
    {
      "id": 786967341,
      "description": "**Log**",
      "color": 13047318,
      "image": {
        "url": "https://message.style/cdn/images/ea75ce6f1ccf8a29c0d92c39a5daf807711b498b1df7ae0cf143f660d75ca454.png"
      },
      "fields": [
        {
          "id": 218727277,
          "name": "Username",
          "value": "<@767865431712333874>"
        },
        {
          "id": 175659844,
          "name": "Action Performed",
          "value": "```Refreshed embeds for GZHBE1```"
        }
      ]
    }
  ]
}
{
  "content": "",
  "tts": false,
  "embeds": [
    {
      "id": 786967341,
      "description": "**Log**",
      "color": 13047318,
      "image": {
        "url": "https://message.style/cdn/images/ea75ce6f1ccf8a29c0d92c39a5daf807711b498b1df7ae0cf143f660d75ca454.png"
      },
      "fields": [
        {
          "id": 218727277,
          "name": "Username",
          "value": "<@767865431712333874>"
        },
        {
          "id": 175659844,
          "name": "Action Performed",
          "value": "```updating embeds in refresh_embeds (FAILED)```"
        },
        {
          "id": 30218311,
          "name": "Error Code",
          "value": "`AS0YWKQ`"
        }
      ]
    }
  ]
}
Traceback:
Traceback (most recent call last):
  File "c:\Users\david\Air Canada Flight Assistant v2\utilities.py", line 1535, in refresh_embeds
    await interaction.followup.send(f"✅ Embeds for `{code}` refreshed.", ephemeral=True)
  File "C:\Users\david\AppData\Local\Programs\Python\Python312\Lib\site-packages\discord\webhook\async_.py", line 1900, in send
    data = await adapter.execute_webhook(
           ^^^^^^^^^^^^^^^^^^^^^^^^^^^^^^
  File "C:\Users\david\AppData\Local\Programs\Python\Python312\Lib\site-packages\discord\webhook\async_.py", line 224, in request
    raise NotFound(response, data)
discord.errors.NotFound: 404 Not Found (error code: 10015): Unknown Webhook

❌ [AS0YWKQ]
Traceback:
Traceback (most recent call last):
  File "c:\Users\david\Air Canada Flight Assistant v2\utilities.py", line 1535, in refresh_embeds
    await interaction.followup.send(f"✅ Embeds for `{code}` refreshed.", ephemeral=True)
  File "C:\Users\david\AppData\Local\Programs\Python\Python312\Lib\site-packages\discord\webhook\async_.py", line 1900, in send
    data = await adapter.execute_webhook(
           ^^^^^^^^^^^^^^^^^^^^^^^^^^^^^^
  File "C:\Users\david\AppData\Local\Programs\Python\Python312\Lib\site-packages\discord\webhook\async_.py", line 224, in request
    raise NotFound(response, data)
discord.errors.NotFound: 404 Not Found (error code: 10015): Unknown Webhook

{
  "content": "",
  "tts": false,
  "embeds": [
    {
      "id": 786967341,
      "description": "**Log**",
      "color": 13047318,
      "image": {
        "url": "https://message.style/cdn/images/ea75ce6f1ccf8a29c0d92c39a5daf807711b498b1df7ae0cf143f660d75ca454.png"
      },
      "fields": [
        {
          "id": 218727277,
          "name": "Username",
          "value": "<@767865431712333874>"
        },
        {
          "id": 175659844,
          "name": "Action Performed",
          "value": "```/refresh-embeds invoked for a```"
        }
      ]
    }
  ]
}
{
  "content": "",
  "tts": false,
  "embeds": [
    {
      "id": 786967341,
      "description": "**Log**",
      "color": 13047318,
      "image": {
        "url": "https://message.style/cdn/images/ea75ce6f1ccf8a29c0d92c39a5daf807711b498b1df7ae0cf143f660d75ca454.png"
      },
      "fields": [
        {
          "id": 218727277,
          "name": "Username",
          "value": "<@767865431712333874>"
        },
        {
          "id": 175659844,
          "name": "Action Performed",
          "value": "```/refresh-embeds invoked for GZHBE1```"
        }
      ]
    }
  ]
}
{
  "content": "",
  "tts": false,
  "embeds": [
    {
      "id": 786967341,
      "description": "**Log**",
      "color": 13047318,
      "image": {
        "url": "https://message.style/cdn/images/ea75ce6f1ccf8a29c0d92c39a5daf807711b498b1df7ae0cf143f660d75ca454.png"
      },
      "fields": [
        {
          "id": 218727277,
          "name": "Username",
          "value": "<@767865431712333874>"
        },
        {
          "id": 175659844,
          "name": "Action Performed",
          "value": "```Refreshed embeds for GZHBE1```"
        }
      ]
    }
  ]
}
{
  "content": "",
  "tts": false,
  "embeds": [
    {
      "id": 786967341,
      "description": "**Log**",
      "color": 13047318,
      "image": {
        "url": "https://message.style/cdn/images/ea75ce6f1ccf8a29c0d92c39a5daf807711b498b1df7ae0cf143f660d75ca454.png"
      },
      "fields": [
        {
          "id": 218727277,
          "name": "Username",
          "value": "<@767865431712333874>"
        },
        {
          "id": 175659844,
          "name": "Action Performed",
          "value": "```updating embeds in refresh_embeds (FAILED)```"
        },
        {
          "id": 30218311,
          "name": "Error Code",
          "value": "`LV0I43D`"
        }
      ]
    }
  ]
}
Traceback:
Traceback (most recent call last):
  File "c:\Users\david\Air Canada Flight Assistant v2\utilities.py", line 1535, in refresh_embeds
    await interaction.followup.send(f"✅ Embeds for `{code}` refreshed.", ephemeral=True)
  File "C:\Users\david\AppData\Local\Programs\Python\Python312\Lib\site-packages\discord\webhook\async_.py", line 1900, in send
    data = await adapter.execute_webhook(
           ^^^^^^^^^^^^^^^^^^^^^^^^^^^^^^
  File "C:\Users\david\AppData\Local\Programs\Python\Python312\Lib\site-packages\discord\webhook\async_.py", line 224, in request
    raise NotFound(response, data)
discord.errors.NotFound: 404 Not Found (error code: 10015): Unknown Webhook

❌ [LV0I43D]
Traceback:
Traceback (most recent call last):
  File "c:\Users\david\Air Canada Flight Assistant v2\utilities.py", line 1535, in refresh_embeds
    await interaction.followup.send(f"✅ Embeds for `{code}` refreshed.", ephemeral=True)
  File "C:\Users\david\AppData\Local\Programs\Python\Python312\Lib\site-packages\discord\webhook\async_.py", line 1900, in send
    data = await adapter.execute_webhook(
           ^^^^^^^^^^^^^^^^^^^^^^^^^^^^^^
  File "C:\Users\david\AppData\Local\Programs\Python\Python312\Lib\site-packages\discord\webhook\async_.py", line 224, in request
    raise NotFound(response, data)
discord.errors.NotFound: 404 Not Found (error code: 10015): Unknown Webhook

{
  "content": "",
  "tts": false,
  "embeds": [
    {
      "id": 786967341,
      "description": "**Log**",
      "color": 13047318,
      "image": {
        "url": "https://message.style/cdn/images/ea75ce6f1ccf8a29c0d92c39a5daf807711b498b1df7ae0cf143f660d75ca454.png"
      },
      "fields": [
        {
          "id": 218727277,
          "name": "Username",
          "value": "<@767865431712333874>"
        },
        {
          "id": 175659844,
          "name": "Action Performed",
          "value": "```Pressed component: not_started for code U73UP6```"
        }
      ]
    }
  ]
}
{
  "content": "",
  "tts": false,
  "embeds": [
    {
      "id": 786967341,
      "description": "**Log**",
      "color": 13047318,
      "image": {
        "url": "https://message.style/cdn/images/ea75ce6f1ccf8a29c0d92c39a5daf807711b498b1df7ae0cf143f660d75ca454.png"
      },
      "fields": [
        {
          "id": 218727277,
          "name": "Username",
          "value": "<@767865431712333874>"
        },
        {
          "id": 175659844,
          "name": "Action Performed",
          "value": "```Saved user_data.json: Set Server Link 'Flight Not Started' for U73UP6```"
        }
      ]
    }
  ]
}
{"time": "00:01:12", "user": "DEIVID", "action": "Updated flight GZHBE1: status", "level": "ok"}
{"time": "00:09:30", "user": "DEIVID", "action": "Sent announcement: # ASHDALSDF\nhadfsdfasdf", "level": "ok"}
{"time": "00:11:41", "user": "DEIVID", "action": "Updated flight GZHBE1: server_link", "level": "ok"}
{"time": "00:11:58", "user": "DEIVID", "action": "Refreshed Discord embed for GZHBE1", "level": "ok"}
{"time": "00:24:15", "user": "DEIVID", "action": "Sent announcement: ## Service Update\n:AIC_Calendar: Dear passengers, flight AC 100 operating servic", "level": "ok"}
{"time": "00:28:19", "user": "DEIVID", "action": "Updated flight GZHBE1: status", "level": "ok"}
{"time": "00:28:55", "user": "DEIVID", "action": "Updated flight U73UP6: server_link", "level": "ok"}
{"time": "00:29:42", "user": "DEIVID", "action": "Updated flight 8K3M9V: status, alerts, meal_service, gate_dep, gate_arr, server_link, event_link", "level": "ok"}
